// Jest Snapshot v1, https://goo.gl/fbAQLP

exports[`The Dungeon Tile Builder app should match the snapshot 1`] = `
<App>
  <Grid
    size={
      Object {
        "x": 7,
        "y": 5,
      }
    }
    type="square"
  >
    <div
      style={
        Object {
          "alignItems": "center",
          "display": "flex",
          "flexFlow": "wrap",
          "justifyContent": "center",
        }
      }
    >
      <GridRow
        gridType="square"
        key="0"
        xCoordinates={
          Array [
            -3,
            -2,
            -1,
            1,
            2,
            3,
            4,
          ]
        }
        y={-2}
      >
        <div
          style={
            Object {
              "display": "flex",
            }
          }
        >
          <Tile
            grid="square"
            key="0"
            x={-3}
            y={-2}
          >
            <GridSquare>
              <img
                alt="square grid"
                src="data:image/png;base64,iVBORw0KGgoAAAANSUhEUgAAAJAAAACQAQMAAADdiHD7AAAAAXNSR0IB2cksfwAAAAlwSFlzAAALEwAACxMBAJqcGAAAAAZQTFRFAAAA////pdmf3QAAAC9JREFUeJxjYMAE9f8h4B+cMSo0KjQqNCo0KoRdiDgwKJw6KjQqNCo0KjQkhDABAHJcQZjMLU5yAAAAAElFTkSuQmCC"
              />
            </GridSquare>
          </Tile>
          <Tile
            grid="square"
            key="1"
            x={-2}
            y={-2}
          >
            <GridSquare>
              <img
                alt="square grid"
                src="data:image/png;base64,iVBORw0KGgoAAAANSUhEUgAAAJAAAACQAQMAAADdiHD7AAAAAXNSR0IB2cksfwAAAAlwSFlzAAALEwAACxMBAJqcGAAAAAZQTFRFAAAA////pdmf3QAAAC9JREFUeJxjYMAE9f8h4B+cMSo0KjQqNCo0KoRdiDgwKJw6KjQqNCo0KjQkhDABAHJcQZjMLU5yAAAAAElFTkSuQmCC"
              />
            </GridSquare>
          </Tile>
          <Tile
            grid="square"
            key="2"
            x={-1}
            y={-2}
          >
            <GridSquare>
              <img
                alt="square grid"
                src="data:image/png;base64,iVBORw0KGgoAAAANSUhEUgAAAJAAAACQAQMAAADdiHD7AAAAAXNSR0IB2cksfwAAAAlwSFlzAAALEwAACxMBAJqcGAAAAAZQTFRFAAAA////pdmf3QAAAC9JREFUeJxjYMAE9f8h4B+cMSo0KjQqNCo0KoRdiDgwKJw6KjQqNCo0KjQkhDABAHJcQZjMLU5yAAAAAElFTkSuQmCC"
              />
            </GridSquare>
          </Tile>
          <Tile
            grid="square"
            key="3"
            x={1}
            y={-2}
          >
            <GridSquare>
              <img
                alt="square grid"
                src="data:image/png;base64,iVBORw0KGgoAAAANSUhEUgAAAJAAAACQAQMAAADdiHD7AAAAAXNSR0IB2cksfwAAAAlwSFlzAAALEwAACxMBAJqcGAAAAAZQTFRFAAAA////pdmf3QAAAC9JREFUeJxjYMAE9f8h4B+cMSo0KjQqNCo0KoRdiDgwKJw6KjQqNCo0KjQkhDABAHJcQZjMLU5yAAAAAElFTkSuQmCC"
              />
            </GridSquare>
          </Tile>
          <Tile
            grid="square"
            key="4"
            x={2}
            y={-2}
          >
            <GridSquare>
              <img
                alt="square grid"
                src="data:image/png;base64,iVBORw0KGgoAAAANSUhEUgAAAJAAAACQAQMAAADdiHD7AAAAAXNSR0IB2cksfwAAAAlwSFlzAAALEwAACxMBAJqcGAAAAAZQTFRFAAAA////pdmf3QAAAC9JREFUeJxjYMAE9f8h4B+cMSo0KjQqNCo0KoRdiDgwKJw6KjQqNCo0KjQkhDABAHJcQZjMLU5yAAAAAElFTkSuQmCC"
              />
            </GridSquare>
          </Tile>
          <Tile
            grid="square"
            key="5"
            x={3}
            y={-2}
          >
            <GridSquare>
              <img
                alt="square grid"
                src="data:image/png;base64,iVBORw0KGgoAAAANSUhEUgAAAJAAAACQAQMAAADdiHD7AAAAAXNSR0IB2cksfwAAAAlwSFlzAAALEwAACxMBAJqcGAAAAAZQTFRFAAAA////pdmf3QAAAC9JREFUeJxjYMAE9f8h4B+cMSo0KjQqNCo0KoRdiDgwKJw6KjQqNCo0KjQkhDABAHJcQZjMLU5yAAAAAElFTkSuQmCC"
              />
            </GridSquare>
          </Tile>
          <Tile
            grid="square"
            key="6"
            x={4}
            y={-2}
          >
            <GridSquare>
              <img
                alt="square grid"
                src="data:image/png;base64,iVBORw0KGgoAAAANSUhEUgAAAJAAAACQAQMAAADdiHD7AAAAAXNSR0IB2cksfwAAAAlwSFlzAAALEwAACxMBAJqcGAAAAAZQTFRFAAAA////pdmf3QAAAC9JREFUeJxjYMAE9f8h4B+cMSo0KjQqNCo0KoRdiDgwKJw6KjQqNCo0KjQkhDABAHJcQZjMLU5yAAAAAElFTkSuQmCC"
              />
            </GridSquare>
          </Tile>
        </div>
      </GridRow>
      <GridRow
        gridType="square"
        key="1"
        xCoordinates={
          Array [
            -3,
            -2,
            -1,
            1,
            2,
            3,
            4,
          ]
        }
        y={-1}
      >
        <div
          style={
            Object {
              "display": "flex",
            }
          }
        >
          <Tile
            grid="square"
            key="0"
            x={-3}
            y={-1}
          >
            <GridSquare>
              <img
                alt="square grid"
                src="data:image/png;base64,iVBORw0KGgoAAAANSUhEUgAAAJAAAACQAQMAAADdiHD7AAAAAXNSR0IB2cksfwAAAAlwSFlzAAALEwAACxMBAJqcGAAAAAZQTFRFAAAA////pdmf3QAAAC9JREFUeJxjYMAE9f8h4B+cMSo0KjQqNCo0KoRdiDgwKJw6KjQqNCo0KjQkhDABAHJcQZjMLU5yAAAAAElFTkSuQmCC"
              />
            </GridSquare>
          </Tile>
          <Tile
            grid="square"
            key="1"
            x={-2}
            y={-1}
          >
            <GridSquare>
              <img
                alt="square grid"
                src="data:image/png;base64,iVBORw0KGgoAAAANSUhEUgAAAJAAAACQAQMAAADdiHD7AAAAAXNSR0IB2cksfwAAAAlwSFlzAAALEwAACxMBAJqcGAAAAAZQTFRFAAAA////pdmf3QAAAC9JREFUeJxjYMAE9f8h4B+cMSo0KjQqNCo0KoRdiDgwKJw6KjQqNCo0KjQkhDABAHJcQZjMLU5yAAAAAElFTkSuQmCC"
              />
            </GridSquare>
          </Tile>
          <Tile
            grid="square"
            key="2"
            x={-1}
            y={-1}
          >
            <GridSquare>
              <img
                alt="square grid"
                src="data:image/png;base64,iVBORw0KGgoAAAANSUhEUgAAAJAAAACQAQMAAADdiHD7AAAAAXNSR0IB2cksfwAAAAlwSFlzAAALEwAACxMBAJqcGAAAAAZQTFRFAAAA////pdmf3QAAAC9JREFUeJxjYMAE9f8h4B+cMSo0KjQqNCo0KoRdiDgwKJw6KjQqNCo0KjQkhDABAHJcQZjMLU5yAAAAAElFTkSuQmCC"
              />
            </GridSquare>
          </Tile>
          <Tile
            grid="square"
            key="3"
            x={1}
            y={-1}
          >
            <GridSquare>
              <img
                alt="square grid"
                src="data:image/png;base64,iVBORw0KGgoAAAANSUhEUgAAAJAAAACQAQMAAADdiHD7AAAAAXNSR0IB2cksfwAAAAlwSFlzAAALEwAACxMBAJqcGAAAAAZQTFRFAAAA////pdmf3QAAAC9JREFUeJxjYMAE9f8h4B+cMSo0KjQqNCo0KoRdiDgwKJw6KjQqNCo0KjQkhDABAHJcQZjMLU5yAAAAAElFTkSuQmCC"
              />
            </GridSquare>
          </Tile>
          <Tile
            grid="square"
            key="4"
            x={2}
            y={-1}
          >
            <GridSquare>
              <img
                alt="square grid"
                src="data:image/png;base64,iVBORw0KGgoAAAANSUhEUgAAAJAAAACQAQMAAADdiHD7AAAAAXNSR0IB2cksfwAAAAlwSFlzAAALEwAACxMBAJqcGAAAAAZQTFRFAAAA////pdmf3QAAAC9JREFUeJxjYMAE9f8h4B+cMSo0KjQqNCo0KoRdiDgwKJw6KjQqNCo0KjQkhDABAHJcQZjMLU5yAAAAAElFTkSuQmCC"
              />
            </GridSquare>
          </Tile>
          <Tile
            grid="square"
            key="5"
            x={3}
            y={-1}
          >
            <GridSquare>
              <img
                alt="square grid"
                src="data:image/png;base64,iVBORw0KGgoAAAANSUhEUgAAAJAAAACQAQMAAADdiHD7AAAAAXNSR0IB2cksfwAAAAlwSFlzAAALEwAACxMBAJqcGAAAAAZQTFRFAAAA////pdmf3QAAAC9JREFUeJxjYMAE9f8h4B+cMSo0KjQqNCo0KoRdiDgwKJw6KjQqNCo0KjQkhDABAHJcQZjMLU5yAAAAAElFTkSuQmCC"
              />
            </GridSquare>
          </Tile>
          <Tile
            grid="square"
            key="6"
            x={4}
            y={-1}
          >
            <GridSquare>
              <img
                alt="square grid"
                src="data:image/png;base64,iVBORw0KGgoAAAANSUhEUgAAAJAAAACQAQMAAADdiHD7AAAAAXNSR0IB2cksfwAAAAlwSFlzAAALEwAACxMBAJqcGAAAAAZQTFRFAAAA////pdmf3QAAAC9JREFUeJxjYMAE9f8h4B+cMSo0KjQqNCo0KoRdiDgwKJw6KjQqNCo0KjQkhDABAHJcQZjMLU5yAAAAAElFTkSuQmCC"
              />
            </GridSquare>
          </Tile>
        </div>
      </GridRow>
      <GridRow
        gridType="square"
        key="2"
        xCoordinates={
          Array [
            -3,
            -2,
            -1,
            1,
            2,
            3,
            4,
          ]
        }
        y={1}
      >
        <div
          style={
            Object {
              "display": "flex",
            }
          }
        >
          <Tile
            grid="square"
            key="0"
            x={-3}
            y={1}
          >
            <GridSquare>
              <img
                alt="square grid"
                src="data:image/png;base64,iVBORw0KGgoAAAANSUhEUgAAAJAAAACQAQMAAADdiHD7AAAAAXNSR0IB2cksfwAAAAlwSFlzAAALEwAACxMBAJqcGAAAAAZQTFRFAAAA////pdmf3QAAAC9JREFUeJxjYMAE9f8h4B+cMSo0KjQqNCo0KoRdiDgwKJw6KjQqNCo0KjQkhDABAHJcQZjMLU5yAAAAAElFTkSuQmCC"
              />
            </GridSquare>
          </Tile>
          <Tile
            grid="square"
            key="1"
            x={-2}
            y={1}
          >
            <GridSquare>
              <img
                alt="square grid"
                src="data:image/png;base64,iVBORw0KGgoAAAANSUhEUgAAAJAAAACQAQMAAADdiHD7AAAAAXNSR0IB2cksfwAAAAlwSFlzAAALEwAACxMBAJqcGAAAAAZQTFRFAAAA////pdmf3QAAAC9JREFUeJxjYMAE9f8h4B+cMSo0KjQqNCo0KoRdiDgwKJw6KjQqNCo0KjQkhDABAHJcQZjMLU5yAAAAAElFTkSuQmCC"
              />
            </GridSquare>
          </Tile>
          <Tile
            grid="square"
            key="2"
            x={-1}
            y={1}
          >
            <GridSquare>
              <img
                alt="square grid"
                src="data:image/png;base64,iVBORw0KGgoAAAANSUhEUgAAAJAAAACQAQMAAADdiHD7AAAAAXNSR0IB2cksfwAAAAlwSFlzAAALEwAACxMBAJqcGAAAAAZQTFRFAAAA////pdmf3QAAAC9JREFUeJxjYMAE9f8h4B+cMSo0KjQqNCo0KoRdiDgwKJw6KjQqNCo0KjQkhDABAHJcQZjMLU5yAAAAAElFTkSuQmCC"
              />
            </GridSquare>
          </Tile>
          <Tile
            grid="square"
            key="3"
            x={1}
            y={1}
          >
            <GridSquare>
              <img
                alt="square grid"
                src="data:image/png;base64,iVBORw0KGgoAAAANSUhEUgAAAJAAAACQAQMAAADdiHD7AAAAAXNSR0IB2cksfwAAAAlwSFlzAAALEwAACxMBAJqcGAAAAAZQTFRFAAAA////pdmf3QAAAC9JREFUeJxjYMAE9f8h4B+cMSo0KjQqNCo0KoRdiDgwKJw6KjQqNCo0KjQkhDABAHJcQZjMLU5yAAAAAElFTkSuQmCC"
              />
            </GridSquare>
          </Tile>
          <Tile
            grid="square"
            key="4"
            x={2}
            y={1}
          >
            <GridSquare>
              <img
                alt="square grid"
                src="data:image/png;base64,iVBORw0KGgoAAAANSUhEUgAAAJAAAACQAQMAAADdiHD7AAAAAXNSR0IB2cksfwAAAAlwSFlzAAALEwAACxMBAJqcGAAAAAZQTFRFAAAA////pdmf3QAAAC9JREFUeJxjYMAE9f8h4B+cMSo0KjQqNCo0KoRdiDgwKJw6KjQqNCo0KjQkhDABAHJcQZjMLU5yAAAAAElFTkSuQmCC"
              />
            </GridSquare>
          </Tile>
          <Tile
            grid="square"
            key="5"
            x={3}
            y={1}
          >
            <GridSquare>
              <img
                alt="square grid"
                src="data:image/png;base64,iVBORw0KGgoAAAANSUhEUgAAAJAAAACQAQMAAADdiHD7AAAAAXNSR0IB2cksfwAAAAlwSFlzAAALEwAACxMBAJqcGAAAAAZQTFRFAAAA////pdmf3QAAAC9JREFUeJxjYMAE9f8h4B+cMSo0KjQqNCo0KoRdiDgwKJw6KjQqNCo0KjQkhDABAHJcQZjMLU5yAAAAAElFTkSuQmCC"
              />
            </GridSquare>
          </Tile>
          <Tile
            grid="square"
            key="6"
            x={4}
            y={1}
          >
            <GridSquare>
              <img
                alt="square grid"
                src="data:image/png;base64,iVBORw0KGgoAAAANSUhEUgAAAJAAAACQAQMAAADdiHD7AAAAAXNSR0IB2cksfwAAAAlwSFlzAAALEwAACxMBAJqcGAAAAAZQTFRFAAAA////pdmf3QAAAC9JREFUeJxjYMAE9f8h4B+cMSo0KjQqNCo0KoRdiDgwKJw6KjQqNCo0KjQkhDABAHJcQZjMLU5yAAAAAElFTkSuQmCC"
              />
            </GridSquare>
          </Tile>
        </div>
      </GridRow>
      <GridRow
        gridType="square"
        key="3"
        xCoordinates={
          Array [
            -3,
            -2,
            -1,
            1,
            2,
            3,
            4,
          ]
        }
        y={2}
      >
        <div
          style={
            Object {
              "display": "flex",
            }
          }
        >
          <Tile
            grid="square"
            key="0"
            x={-3}
            y={2}
          >
            <GridSquare>
              <img
                alt="square grid"
                src="data:image/png;base64,iVBORw0KGgoAAAANSUhEUgAAAJAAAACQAQMAAADdiHD7AAAAAXNSR0IB2cksfwAAAAlwSFlzAAALEwAACxMBAJqcGAAAAAZQTFRFAAAA////pdmf3QAAAC9JREFUeJxjYMAE9f8h4B+cMSo0KjQqNCo0KoRdiDgwKJw6KjQqNCo0KjQkhDABAHJcQZjMLU5yAAAAAElFTkSuQmCC"
              />
            </GridSquare>
          </Tile>
          <Tile
            grid="square"
            key="1"
            x={-2}
            y={2}
          >
            <GridSquare>
              <img
                alt="square grid"
                src="data:image/png;base64,iVBORw0KGgoAAAANSUhEUgAAAJAAAACQAQMAAADdiHD7AAAAAXNSR0IB2cksfwAAAAlwSFlzAAALEwAACxMBAJqcGAAAAAZQTFRFAAAA////pdmf3QAAAC9JREFUeJxjYMAE9f8h4B+cMSo0KjQqNCo0KoRdiDgwKJw6KjQqNCo0KjQkhDABAHJcQZjMLU5yAAAAAElFTkSuQmCC"
              />
            </GridSquare>
          </Tile>
          <Tile
            grid="square"
            key="2"
            x={-1}
            y={2}
          >
            <GridSquare>
              <img
                alt="square grid"
                src="data:image/png;base64,iVBORw0KGgoAAAANSUhEUgAAAJAAAACQAQMAAADdiHD7AAAAAXNSR0IB2cksfwAAAAlwSFlzAAALEwAACxMBAJqcGAAAAAZQTFRFAAAA////pdmf3QAAAC9JREFUeJxjYMAE9f8h4B+cMSo0KjQqNCo0KoRdiDgwKJw6KjQqNCo0KjQkhDABAHJcQZjMLU5yAAAAAElFTkSuQmCC"
              />
            </GridSquare>
          </Tile>
          <Tile
            grid="square"
            key="3"
            x={1}
            y={2}
          >
            <GridSquare>
              <img
                alt="square grid"
                src="data:image/png;base64,iVBORw0KGgoAAAANSUhEUgAAAJAAAACQAQMAAADdiHD7AAAAAXNSR0IB2cksfwAAAAlwSFlzAAALEwAACxMBAJqcGAAAAAZQTFRFAAAA////pdmf3QAAAC9JREFUeJxjYMAE9f8h4B+cMSo0KjQqNCo0KoRdiDgwKJw6KjQqNCo0KjQkhDABAHJcQZjMLU5yAAAAAElFTkSuQmCC"
              />
            </GridSquare>
          </Tile>
          <Tile
            grid="square"
            key="4"
            x={2}
            y={2}
          >
            <GridSquare>
              <img
                alt="square grid"
                src="data:image/png;base64,iVBORw0KGgoAAAANSUhEUgAAAJAAAACQAQMAAADdiHD7AAAAAXNSR0IB2cksfwAAAAlwSFlzAAALEwAACxMBAJqcGAAAAAZQTFRFAAAA////pdmf3QAAAC9JREFUeJxjYMAE9f8h4B+cMSo0KjQqNCo0KoRdiDgwKJw6KjQqNCo0KjQkhDABAHJcQZjMLU5yAAAAAElFTkSuQmCC"
              />
            </GridSquare>
          </Tile>
          <Tile
            grid="square"
            key="5"
            x={3}
            y={2}
          >
            <GridSquare>
              <img
                alt="square grid"
                src="data:image/png;base64,iVBORw0KGgoAAAANSUhEUgAAAJAAAACQAQMAAADdiHD7AAAAAXNSR0IB2cksfwAAAAlwSFlzAAALEwAACxMBAJqcGAAAAAZQTFRFAAAA////pdmf3QAAAC9JREFUeJxjYMAE9f8h4B+cMSo0KjQqNCo0KoRdiDgwKJw6KjQqNCo0KjQkhDABAHJcQZjMLU5yAAAAAElFTkSuQmCC"
              />
            </GridSquare>
          </Tile>
          <Tile
            grid="square"
            key="6"
            x={4}
            y={2}
          >
            <GridSquare>
              <img
                alt="square grid"
                src="data:image/png;base64,iVBORw0KGgoAAAANSUhEUgAAAJAAAACQAQMAAADdiHD7AAAAAXNSR0IB2cksfwAAAAlwSFlzAAALEwAACxMBAJqcGAAAAAZQTFRFAAAA////pdmf3QAAAC9JREFUeJxjYMAE9f8h4B+cMSo0KjQqNCo0KoRdiDgwKJw6KjQqNCo0KjQkhDABAHJcQZjMLU5yAAAAAElFTkSuQmCC"
              />
            </GridSquare>
          </Tile>
        </div>
      </GridRow>
      <GridRow
        gridType="square"
        key="4"
        xCoordinates={
          Array [
            -3,
            -2,
            -1,
            1,
            2,
            3,
            4,
          ]
        }
        y={3}
      >
        <div
          style={
            Object {
              "display": "flex",
            }
          }
        >
          <Tile
            grid="square"
            key="0"
            x={-3}
            y={3}
          >
            <GridSquare>
              <img
                alt="square grid"
                src="data:image/png;base64,iVBORw0KGgoAAAANSUhEUgAAAJAAAACQAQMAAADdiHD7AAAAAXNSR0IB2cksfwAAAAlwSFlzAAALEwAACxMBAJqcGAAAAAZQTFRFAAAA////pdmf3QAAAC9JREFUeJxjYMAE9f8h4B+cMSo0KjQqNCo0KoRdiDgwKJw6KjQqNCo0KjQkhDABAHJcQZjMLU5yAAAAAElFTkSuQmCC"
              />
            </GridSquare>
          </Tile>
          <Tile
            grid="square"
            key="1"
            x={-2}
            y={3}
          >
            <GridSquare>
              <img
                alt="square grid"
                src="data:image/png;base64,iVBORw0KGgoAAAANSUhEUgAAAJAAAACQAQMAAADdiHD7AAAAAXNSR0IB2cksfwAAAAlwSFlzAAALEwAACxMBAJqcGAAAAAZQTFRFAAAA////pdmf3QAAAC9JREFUeJxjYMAE9f8h4B+cMSo0KjQqNCo0KoRdiDgwKJw6KjQqNCo0KjQkhDABAHJcQZjMLU5yAAAAAElFTkSuQmCC"
              />
            </GridSquare>
          </Tile>
          <Tile
            grid="square"
            key="2"
            x={-1}
            y={3}
          >
            <GridSquare>
              <img
                alt="square grid"
                src="data:image/png;base64,iVBORw0KGgoAAAANSUhEUgAAAJAAAACQAQMAAADdiHD7AAAAAXNSR0IB2cksfwAAAAlwSFlzAAALEwAACxMBAJqcGAAAAAZQTFRFAAAA////pdmf3QAAAC9JREFUeJxjYMAE9f8h4B+cMSo0KjQqNCo0KoRdiDgwKJw6KjQqNCo0KjQkhDABAHJcQZjMLU5yAAAAAElFTkSuQmCC"
              />
            </GridSquare>
          </Tile>
          <Tile
            grid="square"
            key="3"
            x={1}
            y={3}
          >
            <GridSquare>
              <img
                alt="square grid"
                src="data:image/png;base64,iVBORw0KGgoAAAANSUhEUgAAAJAAAACQAQMAAADdiHD7AAAAAXNSR0IB2cksfwAAAAlwSFlzAAALEwAACxMBAJqcGAAAAAZQTFRFAAAA////pdmf3QAAAC9JREFUeJxjYMAE9f8h4B+cMSo0KjQqNCo0KoRdiDgwKJw6KjQqNCo0KjQkhDABAHJcQZjMLU5yAAAAAElFTkSuQmCC"
              />
            </GridSquare>
          </Tile>
          <Tile
            grid="square"
            key="4"
            x={2}
            y={3}
          >
            <GridSquare>
              <img
                alt="square grid"
                src="data:image/png;base64,iVBORw0KGgoAAAANSUhEUgAAAJAAAACQAQMAAADdiHD7AAAAAXNSR0IB2cksfwAAAAlwSFlzAAALEwAACxMBAJqcGAAAAAZQTFRFAAAA////pdmf3QAAAC9JREFUeJxjYMAE9f8h4B+cMSo0KjQqNCo0KoRdiDgwKJw6KjQqNCo0KjQkhDABAHJcQZjMLU5yAAAAAElFTkSuQmCC"
              />
            </GridSquare>
          </Tile>
          <Tile
            grid="square"
            key="5"
            x={3}
            y={3}
          >
            <GridSquare>
              <img
                alt="square grid"
                src="data:image/png;base64,iVBORw0KGgoAAAANSUhEUgAAAJAAAACQAQMAAADdiHD7AAAAAXNSR0IB2cksfwAAAAlwSFlzAAALEwAACxMBAJqcGAAAAAZQTFRFAAAA////pdmf3QAAAC9JREFUeJxjYMAE9f8h4B+cMSo0KjQqNCo0KoRdiDgwKJw6KjQqNCo0KjQkhDABAHJcQZjMLU5yAAAAAElFTkSuQmCC"
              />
            </GridSquare>
          </Tile>
          <Tile
            grid="square"
            key="6"
            x={4}
            y={3}
          >
            <GridSquare>
              <img
                alt="square grid"
                src="data:image/png;base64,iVBORw0KGgoAAAANSUhEUgAAAJAAAACQAQMAAADdiHD7AAAAAXNSR0IB2cksfwAAAAlwSFlzAAALEwAACxMBAJqcGAAAAAZQTFRFAAAA////pdmf3QAAAC9JREFUeJxjYMAE9f8h4B+cMSo0KjQqNCo0KoRdiDgwKJw6KjQqNCo0KjQkhDABAHJcQZjMLU5yAAAAAElFTkSuQmCC"
              />
            </GridSquare>
          </Tile>
        </div>
      </GridRow>
    </div>
  </Grid>
</App>
`;
