// Jest Snapshot v1, https://goo.gl/fbAQLP

exports[`The Tile component should match the snapshot 1`] = `
<div
  className="relative"
>
  <GridSquare />
  <div
    className="absolute z-1 w-100 h-100 top-0 left-0"
    style={
      Object {
        "transform": "rotate(0deg)",
      }
    }
  >
    <div
      className="pa2 w-100"
      style={
        Object {
          "backgroundColor": "gray",
          "color": "white",
        }
      }
    >
      <b>
        Wall
      </b>
    </div>
  </div>
  <Controls
    resetTile={[Function]}
    rotateClockwise={[Function]}
    rotateCounterClockwise={[Function]}
    tileDetails={
      Object {
        "id": "1_x_1",
        "rotation": 0,
        "x": 1,
        "y": 1,
      }
    }
  />
</div>
`;
